Assembler report for MI_SD
Fri May 23 17:03:54 2025
Quartus Prime Version 23.1std.1 Build 993 05/14/2024 SC Lite Edition


---------------------
; Table of Contents ;
---------------------
  1. Legal Notice
  2. Assembler Summary
  3. Assembler Settings
  4. Assembler Encrypted IP Cores Summary
  5. Assembler Generated Files
  6. Assembler Device Options: MI_SD.sof
  7. Assembler Messages



----------------
; Legal Notice ;
----------------
Copyright (C) 2024  Intel Corporation. All rights reserved.
Your use of Intel Corporation's design tools, logic functions 
and other software and tools, and any partner logic 
functions, and any output files from any of the foregoing 
(including device programming or simulation files), and any 
associated documentation or information are expressly subject 
to the terms and conditions of the Intel Program License 
Subscription Agreement, the Intel Quartus Prime License Agreement,
the Intel FPGA IP License Agreement, or other applicable license
agreement, including, without limitation, that your use is for
the sole purpose of programming logic devices manufactured by
Intel and sold by Intel or its authorized distributors.  Please
refer to the applicable agreement for further details, at
https://fpgasoftware.intel.com/eula.



+---------------------------------------------------------------+
; Assembler Summary                                             ;
+-----------------------+---------------------------------------+
; Assembler Status      ; Successful - Fri May 23 17:03:54 2025 ;
; Revision Name         ; MI_SD                                 ;
; Top-level Entity Name ; test_top                              ;
; Family                ; Cyclone V                             ;
; Device                ; 5CSEMA5F31C6                          ;
+-----------------------+---------------------------------------+


+----------------------------------+
; Assembler Settings               ;
+--------+---------+---------------+
; Option ; Setting ; Default Value ;
+--------+---------+---------------+


+------------------------------------------------+
; Assembler Encrypted IP Cores Summary           ;
+--------+------------------------+--------------+
; Vendor ; IP Core Name           ; License Type ;
+--------+------------------------+--------------+
; Altera ; Signal Tap (6AF7 BCE1) ; Licensed     ;
; Altera ; Signal Tap (6AF7 BCEC) ; Licensed     ;
+--------+------------------------+--------------+


+-------------------------------------------------------------------------------------------------------+
; Assembler Generated Files                                                                             ;
+-------------------------------------------------------------------------------------------------------+
; File Name                                                                                             ;
+-------------------------------------------------------------------------------------------------------+
; /home/marcelo/Documentos/MI_SD/P1/SistemasDigitais_Problema1/cooprocessorFiles/output_files/MI_SD.sof ;
+-------------------------------------------------------------------------------------------------------+


+-------------------------------------+
; Assembler Device Options: MI_SD.sof ;
+----------------+--------------------+
; Option         ; Setting            ;
+----------------+--------------------+
; JTAG usercode  ; 0x00F333B3         ;
; Checksum       ; 0x00F333B3         ;
+----------------+--------------------+


+--------------------+
; Assembler Messages ;
+--------------------+
Info: *******************************************************************
Info: Running Quartus Prime Assembler
    Info: Version 23.1std.1 Build 993 05/14/2024 SC Lite Edition
    Info: Processing started: Fri May 23 17:03:47 2025
Info: Command: quartus_asm --read_settings_files=off --write_settings_files=off cooprocessor -c MI_SD
Warning (18236): Number of processors has not been specified which may cause overloading on shared machines.  Set the global assignment NUM_PARALLEL_PROCESSORS in your QSF to an appropriate value for best performance.
Info (115030): Assembler is generating device programming files
Info: Quartus Prime Assembler was successful. 0 errors, 1 warning
    Info: Peak virtual memory: 544 megabytes
    Info: Processing ended: Fri May 23 17:03:54 2025
    Info: Elapsed time: 00:00:07
    Info: Total CPU time (on all processors): 00:00:07


